../Core/Src/main.c:87:9:gencrc	32	static
../Core/Src/main.c:103:6:write_data	32	static
../Core/Src/main.c:117:5:main	8	static
../Core/Src/main.c:185:6:SystemClock_Config	88	static
../Core/Src/main.c:227:13:MX_ADC1_Init	24	static
../Core/Src/main.c:279:13:MX_ADC2_Init	24	static
../Core/Src/main.c:331:13:MX_CAN1_Init	8	static
../Core/Src/main.c:368:13:MX_CAN2_Init	8	static
../Core/Src/main.c:405:13:MX_TIM6_Init	16	static
../Core/Src/main.c:443:13:MX_GPIO_Init	40	static
../Core/Src/main.c:475:6:Error_Handler	4	static,ignoring_inline_asm
